// Jest Snapshot v1, https://goo.gl/fbAQLP

exports[`App connected component should match with snapshot 1`] = `
<div
  className="app"
>
  <header
    className="header dark"
  >
    <div
      className="title white is_sm"
    >
      <h1>
        Recipy
      </h1>
    </div>
  </header>
  <div
    className="wrapper"
  >
    <div
      className="container"
      data-testid="home"
    >
      <div
        className="cards"
      />
    </div>
  </div>
</div>
`;
