// Jest Snapshot v1, https://goo.gl/fbAQLP

exports[`CategoryFilter component tests should match with snapshot 1`] = `
<div>
  <input
    className="filter"
    onChange={[Function]}
    placeholder="Type the recipe name"
    value=""
  />
</div>
`;
